
/home/runner/work/exp-active-attacks-au/exp-active-attacks-au/experiment/simulation/js/162.7c74a49b.js
  1:5035   warning  'a' is defined but never used  no-unused-vars
  1:5037   warning  's' is defined but never used  no-unused-vars
  1:5039   warning  'n' is defined but never used  no-unused-vars
  1:5461   warning  't' is defined but never used  no-unused-vars
  1:5463   warning  'r' is defined but never used  no-unused-vars
  1:5465   warning  'a' is defined but never used  no-unused-vars
  1:5467   warning  's' is defined but never used  no-unused-vars
  1:5469   warning  'n' is defined but never used  no-unused-vars
  1:8346   warning  'a' is defined but never used  no-unused-vars
  1:8348   warning  's' is defined but never used  no-unused-vars
  1:8350   warning  'n' is defined but never used  no-unused-vars
  1:11509  warning  't' is defined but never used  no-unused-vars

/home/runner/work/exp-active-attacks-au/exp-active-attacks-au/experiment/simulation/js/289.ac2779c5.js
  1:231  warning  'e' is defined but never used  no-unused-vars
  1:233  warning  'r' is defined but never used  no-unused-vars

/home/runner/work/exp-active-attacks-au/exp-active-attacks-au/experiment/simulation/js/app.6ed1fd14.js
  1:89    warning  'e' is defined but never used           no-unused-vars
  1:91    warning  'n' is defined but never used           no-unused-vars
  1:1874  warning  'u' is defined but never used           no-unused-vars
  1:4882  warning  'r' is assigned a value but never used  no-unused-vars

/home/runner/work/exp-active-attacks-au/exp-active-attacks-au/experiment/simulation/js/chunk-vendors.de801b23.js
  1:1813   warning  Empty block statement                                                            no-empty
  1:3883   warning  Do not access Object.prototype method 'hasOwnProperty' from target object        no-prototype-builtins
  1:5407   warning  Do not access Object.prototype method 'propertyIsEnumerable' from target object  no-prototype-builtins
  1:6037   warning  'b.get' is assigned to itself                                                    no-self-assign
  1:6049   warning  'b.has' is assigned to itself                                                    no-self-assign
  1:6061   warning  'b.set' is assigned to itself                                                    no-self-assign
  1:8223   warning  Empty block statement                                                            no-empty
  1:9006   warning  Empty block statement                                                            no-empty
  1:9311   warning  Empty block statement                                                            no-empty
  1:13496  warning  'e' is defined but never used                                                    no-unused-vars
  1:13915  warning  'e' is defined but never used                                                    no-unused-vars
  1:16594  warning  't' is defined but never used                                                    no-unused-vars
  1:16694  warning  'i' is defined but never used                                                    no-unused-vars
  1:16696  warning  's' is defined but never used                                                    no-unused-vars
  1:17381  warning  't' is defined but never used                                                    no-unused-vars
  1:18063  warning  Do not access Object.prototype method 'hasOwnProperty' from target object        no-prototype-builtins
  1:19235  warning  'e' is defined but never used                                                    no-unused-vars
  1:19237  warning  't' is defined but never used                                                    no-unused-vars
  1:19265  warning  'e' is defined but never used                                                    no-unused-vars
  1:19267  warning  't' is defined but never used                                                    no-unused-vars
  1:20908  warning  't' is defined but never used                                                    no-unused-vars
  1:23004  warning  't' is defined but never used                                                    no-unused-vars
  1:25631  warning  'r' is assigned a value but never used                                           no-unused-vars
  1:26314  warning  'e' is defined but never used                                                    no-unused-vars
  1:27992  warning  'n' is defined but never used                                                    no-unused-vars
  1:30184  warning  'u' is assigned a value but never used                                           no-unused-vars
  1:30196  warning  'a' is assigned a value but never used                                           no-unused-vars
  1:32565  warning  'e' is assigned a value but never used                                           no-unused-vars
  1:35086  warning  'de' is defined but never used                                                   no-unused-vars
  1:35549  warning  'ye' is defined but never used                                                   no-unused-vars
  1:35600  warning  'be' is defined but never used                                                   no-unused-vars
  1:36615  warning  'n' is assigned a value but never used                                           no-unused-vars
  1:39691  warning  'b' is assigned a value but never used                                           no-unused-vars
  1:39719  warning  'w' is assigned a value but never used                                           no-unused-vars
  1:39867  warning  'T' is assigned a value but never used                                           no-unused-vars
  1:40324  warning  Setter cannot return a value                                                     no-setter-return
  1:40764  warning  Setter cannot return a value                                                     no-setter-return
  1:40924  warning  'n' is assigned a value but never used                                           no-unused-vars
  1:41164  warning  Setter cannot return a value                                                     no-setter-return
  1:45567  warning  'n' is defined but never used                                                    no-unused-vars
  1:63007  warning  'n' is defined but never used                                                    no-unused-vars
  1:65111  warning  Unexpected constant condition                                                    no-constant-condition
  1:66336  warning  'i' is defined but never used                                                    no-unused-vars
  1:67371  warning  Expected a conditional expression and instead saw an assignment                  no-cond-assign
  1:77171  warning  Do not access Object.prototype method 'hasOwnProperty' from target object        no-prototype-builtins
  1:77193  warning  Do not access Object.prototype method 'hasOwnProperty' from target object        no-prototype-builtins
  7:1877   warning  Unnecessary escape character: \/                                                 no-useless-escape
  7:3105   warning  't' is defined but never used                                                    no-unused-vars
  7:10477  warning  Empty block statement                                                            no-empty
  7:14583  warning  'i' is defined but never used                                                    no-unused-vars
  7:20039  warning  'e' is defined but never used                                                    no-unused-vars

✖ 69 problems (0 errors, 69 warnings)

